tt0076759	https://img.yts.lt/assets/images/movies/Star_Wars_Episode_IV_A_New_Hope_1977/large-cover.jpg

tt0110413	https://img.yts.lt/assets/images/movies/Leon_The_Professional_Extended_1994/large-cover.jpg

tt4633694	https://img.yts.lt/assets/images/movies/spider_man_into_the_spider_verse_2018/large-cover.jpg

tt0910970	https://img.yts.am/assets/images/movies/WALLE_2008/large-cover.jpg

tt0211915	https://img.yts.lt/assets/images/movies/amelie_2001/large-cover.jpg

tt0119488	https://img.yts.lt/assets/images/movies/LA_Confidential_1997/large-cover.jpg

tt0055630	https://image.tmdb.org/t/p/original/v5tezJq4DuII8bEzTXgFO6tbbd9.jpg

tt0096283	https://i.pinimg.com/originals/d4/8e/9d/d48e9dfd2606bcf2a33065225dca8346.jpg

tt0089881	https://www.movieposter.com/posters/archive/main/248/MPW-124328

tt0091251	https://i.pinimg.com/736x/9e/e2/90/9ee290f0d6f469104602d431edd57ebf.jpg

tt7131622	https://image.tmdb.org/t/p/w500/nokptNC705qQxbap0Tu1Lkpvghx.jpg

tt0079944	https://image.tmdb.org/t/p/original/u7pBwbYne5bYTQopqyVm8D1hUvY.jpg

tt3011894	https://image.tmdb.org/t/p/original/idBELLgvTJ7ZiZ88B1EuVaXYlpO.jpg

tt0017925	https://i.pinimg.com/736x/41/48/ca/4148ca8923973a5fac11eaf1f59ca0ee.jpg

tt1979376	https://image.tmdb.org/t/p/w500/w9kR8qbmQ01HwnvK4alvnQ2ca0L.jpg

tt0353969	https://image.tmdb.org/t/p/w500/gawnVe9cFowdoDLo9Pok12NTw39.jpg

tt0060107	REMOVE FROM DATABASE

tt0405508	https://24.media.tumblr.com/tumblr_lydemeeSbp1r9esjeo1_500.jpg

tt0052618	https://image.tmdb.org/t/p/w500/5rx40O6ru7aeo37yq8KzxLMEY37.jpg

tt0245712	https://image.tmdb.org/t/p/w500/8gEXmIzw1tDnBfOaCFPimkNIkmm.jpg

tt0087544	https://image.tmdb.org/t/p/w500/hnYowHwLq0iUWriAHtiiCWsI2dP.jpg

tt1954470	REMOVE FROM DATABASE

tt0169102	https://cdn.bollywoodmdb.com/movies/largethumb/2001/lagaan/poster.jpg

tt0056732	https://image.tmdb.org/t/p/original/qJFKiCYqMipXK2cN0vDEg5ahYes.jpg

tt0113247	https://cdn.cinematerial.com/p/500x/aodceuo9/la-haine-spanish-movie-poster.jpg

tt0374887	https://img.yts.lt/assets/images/movies/lage_raho_munna_bhai_2006/large-cover.jpg

tt0169858	https://image.tmdb.org/t/p/original/oc1IjhBcsAFenKfIQq24MWHa10W.jpg

tt2338151	http://media.santabanta.com/newsite/cinemascope/feed/pk.jpg

tt0292490	https://image.tmdb.org/t/p/original/yNxQ5afOuYMzOFcIf8Ggi9SnBX.jpg

tt1280558	https://image.tmdb.org/t/p/w500/5w5HpAXMRty6YBxx6GjPAk0CuMN.jpg

tt0871510	https://wallpaper.vin/wp-content/uploads/Chak-De-India.jpg

tt0338564	https://image.tmdb.org/t/p/original/vSdC9myYvuEvKrDbv4CZncGFTvL.jpg

tt0120731	https://image.tmdb.org/t/p/w500/wss1PkvHD2cYH6lu5mSa2MgGoi.jpg

tt0058946	https://m.media-amazon.com/images/M/MV5BYjM5NTFjMTctNDY1ZC00OTIwLWJiYWEtODYxMDU1YTY4MzVkXkEyXkFqcGdeQXVyNjgxMDA4OTI@._V1_.jpg